// Jest Snapshot v1, https://goo.gl/fbAQLP

exports[`App Component Create an App.js snapshot 1`] = `
<div
  className="App"
  data-test="component-app"
>
  <h1>
    Learn React
  </h1>
  <p
    data-test="counter-display"
  >
    Count:
    <span
      data-test="counter-value"
    >
      0
    </span>
  </p>
  <button
    className=""
    data-test="increment-button"
    name=""
    onClick={[Function]}
    type="button"
  >
    Incrementer
  </button>
  <button
    className=""
    data-test="decrement-button"
    name=""
    onClick={[Function]}
    type="button"
  >
    Decrementer
  </button>
  <div>
    <p
      className="noErrorMessage"
      data-test="err-message"
    >
      Error: Unable to Decrement the counter.
    </p>
  </div>
</div>
`;
